// Vitest Snapshot v1, https://vitest.dev/guide/snapshot.html

exports[`NavBar > matches snapshot 1`] = `
<div>
  <div
    class="navigation-bar"
    role="navigation"
  >
    <button
      class="navigation-button"
    >
      Home
    </button>
    <button
      class="navigation-button"
    >
      Shop
    </button>
    <button
      class="navigation-button"
    >
      Cart
    </button>
  </div>
</div>
`;
